

# InnoDB页逻辑存储结构

数据需要在一定的**数据结构和组织结构**下才能进行有效的管理。InnoDB表中的每行数据是基于B+树存储的，其中B+树中的顺序依据是主键的顺序，称为**索引组织表**。B+树存储在数据文件中，在B+树之外，InnoDB对数据文件中数据的管理和组织定义一个新的逻辑结构如下图所示：

![1.3.00.InnoDB逻辑存储结构图](../..//mysql-image/1.3.00.InnoDB%E9%80%BB%E8%BE%91%E5%AD%98%E5%82%A8%E7%BB%93%E6%9E%84.jpg)

- 所有的数据都被逻辑地存放在表空间中，对于整个数据库中的InnoDB表，可以共用一个表空间，也可以将表空间拆分为共享表空间和各个表私有的表空间。拆分后，私有表空间仅存储该表的**数据、索引、和插入缓冲BitMap页**，其他的数据如**回滚（undo）信息、系统事务信息**等还是存储在共享表空间里。
- **表空间**中的数据分类为各个段：数据段(Left node segment)、索引段(Non-left node segment)、回滚段(Rollback segment)等。为了 便于管理，在各个段中继续拆分为**区**，区再细化拆分为连续的页，**页是InnoDB磁盘管理的最小单位**（即InnoDB从磁盘读取和写入都是以页为单位进行的）。页中**按关系表中的行**来存储实际的关系数据。
- 每个区大小固定为 1M，区是由连续的页组成的。一个页的大小为 16 KB，所以每个区有64个连续的页。即使支持压缩页，区的大小也是固定的，页数会发生变化而已。
- 启动 innodb_file_per_table 之后，新建的表初始为 96k。原因是一开始使用32个碎片页来存放，节省空间。
- 页是Innodb存储的**最基本结构**，也是Innodb磁盘管理的最小单位，与数据库相关的所有内容都存储在页结构里。页分为几种类型：**数据页（B-Tree Node），Undo页（Undo Log Page），系统页（System Page），事务数据页（Transaction System Page）**等；每个数据页的大小为16kb，每个页使用一个32位（一位表示的就是0或1）的int值来表示，正好对应Innodb最大64TB的存储容量(16kb * 2^32=64tib)
- ***在一般情况下，InnoDB一次最少从磁盘中读取16KB的内容到内存中，一次最少把内存中的16KB内容刷新到磁盘中。根节点常驻内存中。***
- InnoDB中，数据是按照行的格式来存储的。每个页存放的行数有硬性要求，为 16kb / 2 - 200行，即7992条记录。有关行格式参考：[InnoDB行记录存储结构](https://mp.weixin.qq.com/s?__biz=MzIxNTQ3NDMzMw==&mid=2247483670&idx=1&sn=751d84d0ce50d64934d636014abe2023&chksm=979688e4a0e101f2a51d1f06ec75e25c56f8936321ae43badc2fe9fc1257b4dc1c24223699de&scene=21#wechat_redirect)

拿一颗三阶 B+树 解释什么是数据页：**每一个节点都是一个页**。

![image-20210115090843130](../../mysql-image/三阶B+树.png)

即 如下图所示：

![image-20210115091352101](../../mysql-image/三阶B+树中的页.png)

每次读取数据时，都会抓取一页放到内存中！

## 页的结构

> 引自
>
> 1. [innodb数据页结构](https://www.cnblogs.com/joeysh/archive/2019/04/16/10720192.html)

![1.3.01.InnoDB页结构图](../..//mysql-image/1.3.01.InnoDB%E9%A1%B5%E7%BB%93%E6%9E%84%E7%A4%BA%E6%84%8F%E5%9B%BE.jpg)

从上面的图可以看到，InnoDB的页结构分为七个部分，下面用表格说明一下各个部分对应的作用：

|        名称        |       中文名       | 占用空间大小 |                    简单描述                    |
| :----------------: | :----------------: | :----------: | :--------------------------------------------: |
|    File Header     |       文件头       |    38字节    |                  描述页的信息                  |
|    Page Header     |        页头        |    56字节    |                  页的状态信息                  |
| Infimum + SupreMum | 最小记录和最大记录 |    26字节    |         两个虚拟的行记录（后面会说明）         |
|    User Records    |      用户记录      |    不确定    |              实际存储的行记录内容              |
|     Free Space     |      空闲空间      |    不确定    |               页中尚未使用的空间               |
|   Page Directory   |       页目录       |    不确定    | 存放着数据页组，形成的slot，<br />记录相对位置 |
|    File Trailer    |      文件结尾      |    8字节     |                    结尾信息                    |

下面会详细介绍他们的作用

### 页中插入数据的过程

当我们在存储数据的时候，记录会存储到`User Records`部分 。但是在一个页新形成的时候是不存在`User Records` 这个部分的，每当我们在插入一条记录的时候，都会从Free Space中去申请一块大小符合该记录大小的空间并划分到`User Records`，当`Free Space`的部分空间全部被`User Records`部分替换掉之后，就意味着当前页使用完毕，如果还有新的记录插入，需要再去申请新的页，过程如下：

![1.3.02.记录插入页的过程](../..//mysql-image/1.3.02.%E8%AE%B0%E5%BD%95%E6%8F%92%E5%85%A5%E9%A1%B5%E7%9A%84%E8%BF%87%E7%A8%8B.jpg)

（类似于缓冲池中，LRU list 和 Free list）

### COMPACT行格式

> 摘录自：[InnoDB记录存储结构](https://mp.weixin.qq.com/s?__biz=MzIxNTQ3NDMzMw==&mid=2247483670&idx=1&sn=751d84d0ce50d64934d636014abe2023&chksm=979688e4a0e101f2a51d1f06ec75e25c56f8936321ae43badc2fe9fc1257b4dc1c24223699de&scene=21#wechat_redirect) 

![1.3.15.COMPACT行格式](../../mysql-image/1.3.15.COMPACT行格式.png)

大家从图中可以看出来，一条完整的记录其实可以被分为`记录的额外信息`和`记录的真实数据`两大部分，下边我们详细看一下这两部分的组成。

#### 记录的额外信息

这部分信息是服务器为了描述这条记录而不得不额外添加的一些信息，这些额外信息分为3类，分别是`变长字段长度列表`、`NULL值列表`和`记录头信息`，我们分别看一下。

首先定义一个表，初始化一些数据

```sql
mysql> CREATE TABLE record_format_demo (
    ->     c1 VARCHAR(10),
    ->     c2 VARCHAR(10) NOT NULL,
    ->     c3 CHAR(10),
    ->     c4 VARCHAR(10)
    -> ) CHARSET=ascii ROW_FORMAT=COMPACT;
Query OK, 0 rows affected (0.03 sec)

mysql> INSERT INTO record_format_demo(c1, c2, c3, c4) VALUES('aaaa', 'bbb', 'cc', 'd'), ('eeee', 'fff', NULL, NULL);
Query OK, 2 rows affected (0.02 sec)
Records: 2  Duplicates: 0  Warnings: 0

mysql> SELECT * FROM record_format_demo;
+------+-----+------+------+
| c1   | c2  | c3   | c4   |
+------+-----+------+------+
| aaaa | bbb | cc   | d    |
| eeee | fff | NULL | NULL |
+------+-----+------+------+
2 rows in set (0.00 sec)
```

##### 每个数据行的存储方式 - 变长字段列表

前边说过`MySQL`支持一些变长的数据类型，比如`VARCHAR(M)`、`VARBINARY(M)`、各种`TEXT`类型，各种`BLOB`类型，这些变长的数据类型占用的存储空间分为两部分：

1. 真正的数据内容
2. 占用的字节数

因为如果不保存真实数据占用的字节数的话，MySQL服务器也不知道我们存储的数据究竟有多长。在`Compact`行格式中，把所有变长类型的列的长度都存放在记录的开头部位形成一个列表，按照列的顺序逆序存放，我们再次强调一遍，是逆序存放！我们拿`record_format_demo`表中的第一条记录来举个例子。因为`record_format_demo`表的`c1`、`c2`、`c4`列都是`VARCHAR(10)`类型的，也就是变长的数据类型，所以这三个列的值的长度都需要保存在记录开头处，因为`record_format_demo`表中的各个列都使用的是`ascii`字符集，所以每个字符只需要1个字节来进行编码，来看一下第一条记录各列内容的长度：

| 列名 | 存储内容 | 内容长度（十进制表示） | 内容长度（十六进制表示） |
| :--: | :------: | :--------------------: | :----------------------: |
| `c1` | `'aaaa'` |          `4`           |          `0x04`          |
| `c2` | `'bbb'`  |          `3`           |          `0x03`          |
| `c4` |  `'d'`   |          `1`           |          `0x01`          |

又因为这些长度值需要按照列的逆序存放，所以最后`变长字段长度列表`的字节串用十六进制表示的效果就是（各个字节之间实际上没有空格，用空格隔开只是方便理解）：

```
01 03 04 
```

把这个字节串组成的`变长字段长度列表`填入上边的示意图中的效果就是：

![1.3.16.变长字段长度列表1](../../mysql-image/1.3.16.变长字段长度列表1.png)

由于第一行记录中`c1`、`c2`、`c4`列中的字符串都比较短，也就是说内容占用的字节数比较小，用1个字节就可以表示，但是如果变长列的内容占用的字节数比较多，可能就需要用2个字节来表示。具体用1个还是2个字节来表示真实数据占用的字节数，`MySQL`有它的一套规则，因为用汉字描述很长的概念很容易变得啰嗦从而让人迷惑，所以我们用公式来表示一下，首先声明一下`W`、`M`和`L`的意思：

1. 假设某个字符集中表示一个字符最多需要使用的字节数为`W`，也就是使用`SHOW CHARSET`语句的结果中的`Maxlen`列，比方说`utf8`字符集中的`W`就是`3`，`gbk`字符集中的`W`就是`2`，`ascii`字符集中的`W`就是`1`。
2. 对于变长类型`VARCHAR(M)`来说，这种类型表示能存储最多`M`个字符，所以这个类型能表示的字符串最多占用的字节数就是`M×W`，
3. 假设它存储的字符串占用的字节数是`L`。

所以确定使用1个字节还是2个字节表示真正字符串占用的字节数的规则就是这样：

- 如果`M×W < 256`，那么使用1个字节来表示真正字符串占用的字节数。

- 如果`M×W >= 256`，则分为两种情况：

- - 如果`L < 128`，则用1个字节来表示真正字符串占用的字节数
  - 如果`L >= 128`，则用2个字节来表示真正字符串占用的字节数

```
小贴士：
也就是说确定使用1个字节还是2个字节来表示真实数据占用的字节数取决于`W`、`M`和`L`的值，上边的`c1`、`c2`、`c3`列的`W=1`，`M=10`，所以符合`M×W < 256`，所以使用1字节来表示真正字符串占用的字节数，其它的情况大家可以自己举例，我这就不赘述了。
```

需要注意的一点是，变长字段长度列表中只存储值为 ***非NULL*** 的列内容占用的长度，值为 ***NULL*** 的列的长度是不储存的 。也就是说对于第二条记录来说，因为`c4`列的值为`NULL`，所以`变长字段长度列表`只需要存储`c1`和`c2`列的长度即可。其中`c1`列存储的值为`'eeee'`，占用的字节数为`4`，`c2`列存储的值为`'fff'`，占用的字节数为`3`，所以`变长字段长度列表`需2个字节。填充完`变长字段长度列表`的两条记录的对比图如下：

![1.3.16.变长字段长度列表2.png](../../mysql-image/1.3.16.变长字段长度列表2.png)

##### 每个数据行的存储方式 - NULL值列表

我们知道表中的某些列可能存储`NULL`值，如果把这些NULL值都放到`记录的真实数据`中存储会很占地方，所以`Compact`行格式把这些值为`NULL`的列统一管理起来，存储到`NULL`值列表中，它的处理过程是这样的：

1. 首先统计表中允许存储`NULL`的列有哪些。

   我们前边说过，主键列、被`NOT NULL`修饰的列都是不可以存储`NULL`值的，所以在统计的时候不会把这些列算进去。比方说表`record_format_demo`的3个列`c1`、`c3`、`c4`都是允许存储`NULL`值的，而`c2`列是被`NOT NULL`修饰，不允许存储`NULL`值。

2. 如果表中没有允许存储 ***NULL*** 的列，则 *NULL值列表* 也不存在了，否则将每个允许存储`NULL`的列对应一个二进制位，二进制位按照列的顺序逆序排列，二进制位表示的意义如下：

   因为表`record_format_demo`有3个值允许为`NULL`的列，所以这3个列和二进制位的对应关系就是这样：

   ![1.3.17.null值列表1.png](../../mysql-image/1.3.17.null值列表1.png)

   

   再一次强调，二进制位按照列的顺序逆序排列，所以第一个列`c1`和最后一个二进制位对应。

   - 二进制位的值为`1`时，代表该列的值为`NULL`。

   - 二进制位的值为`0`时，代表该列的值不为`NULL`。

4. `MySQL`规定`NULL值列表`必须用整数个字节的位表示，如果使用的二进制位个数不是整数个字节，则在字节的高位补`0`。

   表`record_format_demo`只有3个允许为`NULL`的列，对应3个二进制位，不足一个字节，所以在字节的高位补`0`，效果就是这样：

   ![1.3.18.null值列表2.png](../../mysql-image/1.3.18.null值列表2.png)

知道了规则之后，我们再返回头看表`record_format_demo`中的两条记录中的`NULL值列表`应该怎么储存。因为只有`c1`、`c3`、`c4`这3个列允许存储`NULL`值，所以所有记录的`NULL值列表`只需要一个字节。

- 对于第一条记录来说，`c1`、`c3`、`c4`这3个列的值都不为`NULL`，所以它们对应的二进制位都是`0`，画个图就是这样：

  ![1.3.19.null值列表3.png](../../mysql-image/1.3.19.null值列表3.png)

  
  所以第一条记录的`NULL值列表`用十六进制表示就是：`0x00`。

  

- 对于第二条记录来说，`c1`、`c3`、`c4`这3个列中`c3`和`c4`的值都为`NULL`，所以这3个列对应的二进制位的情况就是：

  ![1.3.20.null值列表4.png](../../mysql-image/1.3.20.null值列表4.png)

  所以第一条记录的`NULL值列表`用十六进制表示就是：`0x06`。

所以这两条记录在填充了`NULL值列表`后的示意图就是这样：

![1.3.21.null值列表5.png](../../mysql-image/1.3.21.null值列表5.png)

##### 每个数据行的存储方式 - 记录头

首先，创建一个新表：

```mysql
mysql> CREATE TABLE page_demo(
    ->     c1 INT,
    ->     c2 INT,
    ->     c3 VARCHAR(10000),
    ->     PRIMARY KEY (c1)
    -> ) CHARSET=ascii ROW_FORMAT=Compact;
Query OK, 0 rows affected (0.03 sec)
```

 如上所示，表中有三列，c1和c2用来存储整数的，c3用来存储字符串的。因为指定了主键为c1，所以MySQL就不会去创建那个隐藏的 row_id 列。指定了`ascii`字符集以及`Compact`的行格式，所以里面的每一条记录的行格式如下：

![1.3.03.innodb中数据的行格式](../..//mysql-image/1.3.03.InnoDB%E4%B8%AD%E6%95%B0%E6%8D%AE%E7%9A%84%E8%A1%8C%E6%A0%BC%E5%BC%8F.jpg)

先看一下行格式中每个属性代表的意思：

|     名称     | 大小（单位：bit） |                             描述                             |
| :----------: | :---------------: | :----------------------------------------------------------: |
|   预留位1    |         1         |                           没有使用                           |
|   预留位2    |         1         |                           没有使用                           |
| delete_mask  |         1         |                     标记该记录是否被删除                     |
| min_rec_mask |         1         |  标记该记录是否为B+树的非叶子节点中的最小记录（索引时用到）  |
|   n_owned    |         4         |                    表示当前槽管理的记录数                    |
|   heap_no    |        13         |            表示当前记录在记录堆(当前页)的位置信息            |
| record_type  |         3         | 表示当前记录的类型，`0`表示普通记录，`1`表示B+树非叶节点记录，`2`表示最小记录，`3`表示最大记录 |
| next_record  |        16         |                   表示下一条记录的相对位置                   |

由于这里只是描述在`User Records`中记录头的作用，所以下面只会说明一些相关的属性以及`c1`、`c2`、`c3`列的信息（其他信息没画不代表它们不存在，只是为了理解上的方便省略了～），简化后的行格式示意图就是这样：
![1.3.04.page_demo表简化行格式图](../..//mysql-image/1.3.04.page_demo%E8%A1%A8%E7%AE%80%E5%8C%96%E8%A1%8C%E6%A0%BC%E5%BC%8F%E5%9B%BE.jpg)

 我们往表中插入几条数据：

```mysql
mysql> INSERT INTO page_demo VALUES(1, 100, 'aaaa'), (2, 200, 'bbbb'), (3, 300, 'cccc'), (4, 400, 'dddd');
Query OK, 4 rows affected (0.00 sec)
Records: 4  Duplicates: 0  Warnings: 0
```

 下面看看几条记录在页中的`User Records`是以何种形式进行体现的，为了方便理解，下面的图中把记录中的头信息和实际的数据都用的十进制进行的表示（其实都是二进制）：

![1.3.05.插入4条记录后User Records](../..//mysql-image/1.3.05.%E6%8F%92%E5%85%A54%E6%9D%A1%E8%AE%B0%E5%BD%95%E5%90%8EUser%20Records.jpg)

下面说说，记录头中的各个部分代表的含义：

###### delete_mask

 这个属性说的是当前这条记录是否被删除，当值为0的时候代表着没有被删除，为1的时候标志着被删除了。

是的，您没看错，当您执行删除一个记录的操作的时候，被删除的记录还存在页中，您对它进行了删除，它会把的

记录头中的这个属性设置为1，只是打了个标记。

> 原因
>
> 这些被删除的记录之所以不立即从磁盘上移除，是因为移除它们之后把其他的记录在磁盘上重新排列需要性能消耗，所以只是打个删除标记而已，而且这部分存储空间之后还可以重用，也就是说之后如果有新记录插入到表中的话，可能把这些被删除的记录占用的存储空间覆盖掉。
>
> 如果您想彻底的从磁盘上移除这些被删除的记录，可以使用这个语句：
>
> ```mysql
> optimize table '表名';
> ```
>
> 执行这个命令后服务器会重新规划表中记录的存储方式，把被标记为删除的记录从磁盘上移除。

###### min_rec_mask

 有关索引的，记录索引的最小值，当遇到min()函数可直接获取

###### n_owned

 记录组中，记录的数量

###### heap_no

 这个属性是表示的当前记录在当前页中的位置，上面的一张图如果您仔细看了的话，会发现它们的位置分别是2、3、4、5，那么问题来了？ 0和1呢？

 这是因为在每次创建的一页里面会自动的加入两条记录，这被称为`伪记录` 或者 `虚拟记录` （因为不是我们自己插入的）;

 这两条伪记录一个代表着`最小记录`，一个代表着`最大记录` ；

 记录大小的比较是通过主键值来比较的。在上面我们插入的几条记录中的从小到大的顺序就是：1 < 2 < 3 < 4,

这标志着这4条记录的大小依次递增。

 不管我们插入了什么数据，页中的`最小记录` 和 `最大记录` 都是页生成时候的那两条伪记录。这两条伪记录的结构页相对简单，如下：

![1.3.06.伪记录的行结构](../..//mysql-image/1.3.06.%E4%BC%AA%E8%AE%B0%E5%BD%95%E7%9A%84%E8%A1%8C%E7%BB%93%E6%9E%84.jpg)

 还记得页结构组成的七部分中一个部分叫`Infimum + SupreMum` ，这个部分用来存储最小记录和最大记录的，没错，就是这两条伪记录。

> 原因：由于这两条记录不是我们自己定义的记录，所以它们并不存放在`页`的`User Records`部分，他们被单独放在一个称为`Infimum + Supremum`的部分

![1.3.07.伪记录与真实记录](../..//mysql-image/1.3.07%E4%BC%AA%E8%AE%B0%E5%BD%95%E4%B8%8E%E7%9C%9F%E5%AE%9E%E8%AE%B0%E5%BD%95.jpg)

由上面的图可以看出，最小记录和最大记录的heap_no的值分别为0和1，也就是说它们的位置最靠前。

###### record_type

 这个属性表示当前记录的类型，一共有4种类型的记录，`0`表示普通记录，`1`表示B+树非叶节点记录，`2`表示最小记录，`3`表示最大记录。从图中我们也可以看出来，我们自己插入的记录就是普通记录，它们的`record_type`值都是`0`，而最小记录和最大记录的`record_type`值分别为`2`和`3` ，关于1暂且不说；

###### next_record

 这个属性表示这从当前记录真实数据到下一条记录的真实数据的地址偏移量 ；

 假如有一条记录的`next_record` 的值为12，就标志着从这条记录的真实数据的地址往后找12个字节就是下一条记录的真实数据（链表）。也就是说页中的数据之间的联系是一个**根据大小**比较后从小指到大的**单向链表**。

 规定 **最小记录** 的下一条记录就本页中主键值最小的记录，而本页中主键值最大的记录的下一条记录就是 **最大记录**(最大的那条伪记录) ，为了更形象的表示一下这个`next_record`起到的作用，我们用箭头来替代一下`next_record`中的地址偏移量：

![1.3.08.伪记录与真实记录-next record](../..//mysql-image/1.3.08.%E4%BC%AA%E8%AE%B0%E5%BD%95%E4%B8%8E%E7%9C%9F%E5%AE%9E%E8%AE%B0%E5%BD%95-next%20record.jpg)

 从上面可以看出，`最大记录` 的 `next_record` 的值为0，代表着最大记录的下一条记录是不存在的，它也是链条中的最后一个节点。

 当我们从页中删除一条数据后可以看看链表会发生那些变化：

```mysql
mysql> DELETE FROM page_demo WHERE c1 = 2;
Query OK, 1 row affected (0.02 sec)
```

 删掉第2条记录后的示意图就是：

![1.3.09.删除第二条记录后的示意图](../..//mysql-image/1.3.09.%E5%88%A0%E9%99%A4%E7%AC%AC%E4%BA%8C%E6%9D%A1%E8%AE%B0%E5%BD%95%E5%90%8E%E7%9A%84%E7%A4%BA%E6%84%8F%E5%9B%BE.jpg)

 从上面可以看到：

> 当我们删除第二条记录后，链表中的变化最明显的就是各个节点之间的联系，它会把被删除数据的上一条记录和被删除数据的下一条数据进行关联（这条数据还是存在的，之前说的那个删除标记别忘了哦）。
>
> - 第2条记录并没有从存储空间中移除，而是把该条记录的`delete_mask`值设置为`1`。
> - 第2条记录的`next_record`值变为了0，意味着该记录没有下一条记录了。
> - 第1条记录的`next_record`指向了第3条记录。
> - 还有一点您可能忽略了，就是`最大记录`的`n_owned`值从`5`变成了`4`，关于这一点的变化我们稍后会详细说明的。
>
> 所以得到：不论我们怎么对页中的记录做增删改操作，InnoDB始终会维护一条记录的单链表，链表中的各个节点是按照主键值由小到大的顺序连接起来的。

下面我们再做一个操作，把删除的记录再次插入：

```mysql
mysql> INSERT INTO page_demo VALUES(2, 200, 'bbbb');
Query OK, 1 row affected (0.00 sec)
```

 我们来看看发生了什么变化：

![1.3.10.重新插入第2条记录](../..//mysql-image/1.3.10.%E9%87%8D%E6%96%B0%E6%8F%92%E5%85%A5%E7%AC%AC2%E6%9D%A1%E8%AE%B0%E5%BD%95.jpg)

很明显的可以看到，`InnoDB`并没有因为新记录的插入而为它申请新的存储空间，而是直接复用了原来被删除记录的存储空间。

##### 每个数据行的存储方式 - 真实数据

`记录的真实数据`除了我们插入的那些列的数据，`MySQL`会为每个记录默认的添加一些列（也称为`隐藏列`），具体的列如下：

|       列名       | 是否必须 | 占用空间 |          描述          |
| :--------------: | :------: | :------: | :--------------------: |
|     `row_id`     |    否    | `6`字节  | 行ID，唯一标识一条记录 |
| `transaction_id` |    是    | `6`字节  |         事务ID         |
|  `roll_pointer`  |    是    | `7`字节  |        回滚指针        |

需要注意的是，MySQL服务器会为每条记录都添加 ***transaction_id*** 和 ***roll_pointer*** 这两个列，但是 ***row_id*** 只有在表没有定义主键的时候才会为记录添加，相当于MySQL服务器帮我们来添加一个主键。这些列的值不用我们操心，`MySQL`服务器会自己帮我们添加的。

#### 行溢出数据

##### VARCHAR(M)最多能存储的数据

我们知道对于`VARCHAR(M)`类型的列最多可以占用`65535`个字节。其中的`M`代表该类型最多存储的字符数量，如果我们使用`ascii`字符集的话，一个字符就代表一个字节，我们看看`VARCHAR(65535)`是否可用：

```sql
mysql> CREATE TABLE varchar_size_demo(
    ->     c VARCHAR(65535)
    -> ) CHARSET=ascii ROW_FORMAT=Compact;
ERROR 1118 (42000): Row size too large. The maximum row size for the used table type, not counting BLOBs, is 65535. This includes storage overhead, check the manual. You have to change some columns to TEXT or BLOBs
mysql>
```

从报错信息里可以看出，`MySQL`对一条记录占用的最大存储空间是有限制的，除了`BLOB`或者`TEXT`类型的列之外，其他所有的列（不包括隐藏列和记录头信息）占用的字节长度加起来不能超过`65535`个字节。所以`MySQL`服务器建议我们把存储类型改为`TEXT`或者`BLOB`的类型。这个`65535`个字节除了列本身的数据之外，还包括一些`storage overhead`，比如说我们为了存储一个`VARCHAR(M)`类型的列，需要占用3部分存储空间：

- 真实数据
- 真实数据占用字节的长度
- `NULL`值标识，如果该列有`NOT NULL`属性则可以没有这部分存储空间

如果该`VARCHAR`类型的列没有`NOT NULL`属性，那最多只能存储`65532`个字节的数据，因为真实数据的长度需要占用2个字节，`NULL`值标识需要占用1个字节：

```sql
mysql> CREATE TABLE varchar_size_demo(
    ->      c VARCHAR(65532)
    -> ) CHARSET=ascii ROW_FORMAT=Compact;
Query OK, 0 rows affected (0.02 sec)
```

如果`VARCHAR`类型的列有`NOT NULL`属性，那最多只能存储`65533`个字节的数据，因为真实数据的长度需要占用2个字节，不需要`NULL`值标识：

```sql
mysql> DROP TABLE varchar_size_demo;
Query OK, 0 rows affected (0.01 sec)

mysql> CREATE TABLE varchar_size_demo(
    ->      c VARCHAR(65533) NOT NULL
    -> ) CHARSET=ascii ROW_FORMAT=Compact;
Query OK, 0 rows affected (0.02 sec)
```

如果`VARCHAR(M)`类型的列使用的不是`ascii`字符集，那会怎么样呢？来看一下：

```sql
mysql> DROP TABLE varchar_size_demo;
Query OK, 0 rows affected (0.00 sec)
mysql> CREATE TABLE varchar_size_demo(
    ->       c VARCHAR(65532)
    -> ) CHARSET=gbk ROW_FORMAT=Compact;
ERROR 1074 (42000): Column length too big for column 'c' (max = 32767); use BLOB or TEXT instead

mysql> CREATE TABLE varchar_size_demo(
    ->       c VARCHAR(65532)
    -> ) CHARSET=utf8 ROW_FORMAT=Compact;
ERROR 1074 (42000): Column length too big for column 'c' (max = 21845); use BLOB or TEXT instead
```

从执行结果中可以看出，如果`VARCHAR(M)`类型的列使用的不是`ascii`字符集，那`M`的最大取值取决于该字符集表示一个字符最多需要的字节数。比方说`gbk`字符集表示一个字符最多需要`2`个字节，那在该字符集下，`M`的最大取值就是`32767`，也就是说最多能存储`32767`个字符；`utf8`字符集表示一个字符最多需要`3`个字节，那在该字符集下，`M`的最大取值就是`21845`，也就是说最多能存储`21845`个字符。

##### 记录中的数据太多产生的溢出

我们以`ascii`字符集下的`varchar_size_demo`表为例，插入一条记录：

```sql
mysql> CREATE TABLE varchar_size_demo(
    ->       c VARCHAR(65532)
    -> ) CHARSET=ascii ROW_FORMAT=Compact;
Query OK, 0 rows affected (0.01 sec)

mysql> INSERT INTO varchar_size_demo(c) VALUES(REPEAT('a', 65532));
Query OK, 1 row affected (0.00 sec)
```

其中的`REPEAT('a', 65532)`是一个函数调用，它表示生成一个把字符`'a'`重复`65532`次的字符串。前边说过，`MySQL`中磁盘和内存交互的基本单位是`页`，也就是说`MySQL`是以`页`为基本单位来管理存储空间的，我们的记录都会被分配到某个`页`中存储。而一个页的大小一般是`16KB`，也就是`16384`字节，而一个`VARCHAR(M)`类型的列就最多可以存储`65532`个字节，这样就可能造成一个页存放不了一条记录的尴尬情况。

在`Compact`和`Reduntant`行格式中，对于占用存储空间非常大的列，在`记录的真实数据`处只会存储该列的一部分数据，把剩余的数据分散存储在几个连续的页中，只在`记录的真实数据`处用20个字节存储指向这些页的地址，从而可以找到剩余数据所在的页，如图所示：

![1.3.22.行溢出1.png](../../mysql-image/1.3.22.行溢出1.png)

从图中可以看出来，对于`Compact`和`Reduntant`行格式来说，如果某一列中的数据非常多的话，在本记录的真实数据处只会存储该列的前`786`个字节的数据和一个指向其他页的地址，然后把剩下的数据存放到其他页中，这个过程也叫做`行溢出`。画一个简图就是这样：

![1.3.23.行溢出2.png](../../mysql-image/1.3.23.行溢出2.png)

不只是 ***VARCHAR(M)*** 类型的列，其他的 ***TEXT***、***BLOB*** 类型的列在存储数据非常多的时候也会发生`行溢出`。

> 关于 Dynamic参考[这里](https://github.com/zhangyachen/zhangyachen.github.io/issues/96)

##### 行溢出临界点

那发生`行溢出`的临界点是什么呢？也就是说在列存储多少字节的数据时就会发生`行溢出`？

`MySQL`中规定一个页中至少存放两行记录，至于为什么这么规定我们之后再说，现在看一下这个规定造成的影响。以我们以上边的`varchar_size_demo`表为例，它只有一个列`c`，我们往这个表中插入两条记录，每条记录最少插入多少字节的数据才会`行溢出`的现象呢？这得分析一下页中的空间都是如何利用的。

- 每个页除了存放我们的记录以外，也需要存储一些额外的信息，乱七八糟的额外信息加起来需要`136`个字节的空间（现在只要知道这个数字就好了），其他的空间都可以被用来存储记录。

- 每个记录需要的额外信息是`27`字节。

  这27个字节包括下边这些部分：

  - 2个字节用于存储真实数据的长度
  - 1个字节用于存储列是否是NULL值
  - 5个字节大小的头信息
  - 6个字节的`row_id`列
  - 6个字节的`transaction_id`列
  - 7个字节的`roll_pointer`列

假设一个列中存储的数据字节数为n，那么发生`行溢出`现象时需要满足这个式子：

```
136 + 2×(27 + n) > 16384
```

求解这个式子得出的解是：`n > 8098`。也就是说如果一个列中存储的数据不大于`8098`个字节，那就不会发生`行溢出`，否则就会发生`行溢出`。

我们这个只是针对只有一个列的`varchar_size_demo`表来说的，如果表中有多个列，那上边的式子又得改一改了，所以重点就是：你不用关注这个临界点是什么，只要知道如果我们想一个行中存储了很大的数据时，可能发生`行溢出`的现象。

### Page Directory

 通过上面，我们知道到了页中记录是一个按照大小从小到大连续的单向链表，现在来想想，当我们根据主键查询一条记录的时候是怎样进行的，我们来看看;

```mysql
SELECT * FROM page_demo WHERE c1 = 3;
```

 上面是一条查询语句，我们想想它的执行方式可能是：

 从最小记录开始，沿着链表一直往后找，总有一天会找到（或者找不到），在找的时候还能投机取巧，因为链表中各个记录的值是按照从小到大顺序排列的，所以当链表的某个节点代表的记录的主键值大于您想要查找的主键值时，如果这个时候还没找到数据的话您就可以停止查找了（代表找不到），因为该节点后边的节点的主键值都是依次递增。

 上面的方式存在的问题就是，当页中的存储的记录数量比较少的情况用起来也没啥问题，但是如果一个页中存储了非常多的记录，这么查找对性能来说还是有损耗的，所以这个方式很笨啊。

 我们来看看`InnoDB` 的处理方式：`InnoDB` 的处理方式相当于我们平时看书的时候，想看那一章的时候不会傻到去一页一页的找，而是通过目录去找到对应的页数，直接就定位过去了。说说`InnoDB` 这样处理的步骤吧：

 1. 将所有正常的记录（包括最大和最小记录，不包括标记为已删除的记录）划分为几个组。

 2. 每个组的最后一条记录的头信息中的`n_owned`属性表示该组内共有几条记录。

 3. 将每个组的最后一条记录的地址偏移量按顺序存储起来，每个地址偏移量也被称为一个`槽`（英文名：`Slot`）。这些地址偏移量都会被存储到靠近`页`的尾部的地方，页中存储地址偏移量的部分也被称为`Page Directory` 。

 比如说，现在表中有6条记录，`InnoDB`会把它们分成两组，第一组中只有一个最小记录，第二组中是剩余的5条记录，看下边的示意图：

![1.3.11.page directory简单分组示意图](../../mysql-image/1.3.11.page%20directory%E7%AE%80%E5%8D%95%E5%88%86%E7%BB%84%E7%A4%BA%E6%84%8F%E5%9B%BE.jpg)

从上面的图中可以看到：

- Page Directory中有两个槽，也就是两个组，槽0的值是90，代表最小记录的地址偏移量；槽2的值是112，代表最大记录的地址偏移量；
- 注意记录中的最小记录和最大记录，他们分别是1和5：
  - 最小记录的`n_owned` 的值为1，代表着以最小记录结尾的这个分组中只有1条记录，就是最小记录本身；
  - 同理，最大记录的`n_owned` 的值为5，代表着以最大记录结尾的这个分组中只有5条记录，这5条记录包括它本身，就是说除了它本身还有其它4条记录；

 我们用图来表示一下：

![1.3.12.page directory简单分组示意图](../..//mysql-image/1.3.12.page%20directory%E7%AE%80%E5%8D%95%E5%88%86%E7%BB%84%E7%A4%BA%E6%84%8F%E5%9B%BE.jpg)

上面的图中为了方便理解，暂时没管各条记录在存储设备上的排列方式了，单纯从逻辑上看一下这些记录和页目录的关系。真实的`Page Directory` 是在下面的。

 再说说，为什么最小记录的`n_owned`值为1，而最大记录的`n_owned`值为`5`呢？它们是怎么分配的？

 `InnoDB` 对每个分组中的记录条数是有规定的，对于最小记录所在的分组只能有 **1** 条记录，最大记录所在的分组拥有的记录条数只能在 **1~8** 条之间，剩下的分组中记录的条数范围只能在是 **4~8** 条之间。所以分组是按照下边的步骤进行的：

- 初始情况下一个数据页里面只有最小记录和最大记录（伪记录），它们属于不同的分组，也就是两个；
- 之后插入的每一条记录都会放到最大记录所在的组，直到最大记录所在组的记录数等于8条；
- 当最大记录所在组中的记录数等于8条的时候，如果还有记录插入的话，就会将最大记录所在组平均分裂成2个组，这个时候最大记录所在组就只剩下4条记录，这里再把这条记录再放入最大记录所在组；

 我们一口气又往表中添加了12条记录，现在就一共有16条正常的记录了（包括最小和最大记录），这些记录被分成了5个组，如图所示：

![1.3.13.page directory 详细分组示意图](../..//mysql-image/1.3.13.page%20directory%20%E8%AF%A6%E7%BB%86%E5%88%86%E7%BB%84%E7%A4%BA%E6%84%8F%E5%9B%BE.jpg)

 上图中，只保留了头信息中的`n_owned`和`next_record`属性，也省略了各个记录之间的箭头，没画不等于没有！

 因为各个槽代表的记录的主键值都是从小到大排序的，所以我们可以使用`二分法`来进行快速查找。4个槽的编号分别是：`0`、`1`、`2`、`3`、`4`，所以初始情况下最低的槽就是`low=0`，最高的槽就是`high=4`。比方说我们想找主键值为`5`的记录，现在我们再来看看查找一条记录的步骤：

1.  首先得到中间槽的位置：`(0 + 4)/2 = 2` ,所以得到槽2，根据槽2的地址偏移量知道它的主键值是8，因为8>5，设置`high=2` ，`low`不变；

2. 再次计算中间槽的位置：`(0 + 2)/2 = 1` ,所以得到槽1，根据槽1的地址偏移量知道它的主键值是4, 因为4<5，设置`low=1` ，`high`不变；

3. 因为`high - low`的值为1，所以确定主键值为`5`的记录在槽1和槽2之间，接下来就是遍历链表的查找了；

 所以在一个数据页中查找指定主键值的记录的过程分为两步：

```
1. 通过二分法确定该记录所在的槽。

2. 通过记录的next_record属性组成的链表遍历查找该槽中的各个记录。
```

### Page Header

 设计`InnoDB`的大叔们为了能得到一个数据页中存储的记录的状态信息，比如本页中已经存储了多少条记录，第一条记录的地址是什么，`Page Directory`中存储了多少个槽等等，特意在页中定义了一个叫`Page Header`的部分，它是`页`结构的第二部分，这个部分占用固定的`56`个字节，专门存储各种状态信息，具体各个字节都是干嘛的看下表：

|       名称       | 大小（单位：byte） |                                                              |
| :--------------: | :----------------: | :----------------------------------------------------------: |
| PAGE_N_DIR_SLOTS |         2          |                      在页目录中的槽数量                      |
|  PAGE_HEAP_TOP   |         2          |                       第一个记录的地址                       |
|   PAGE_N_HEAP    |         2          | 本页中的记录的数量（包括最小和最大记录以及标记为删除的记录） |
|    PAGE_FREE     |         2          |       指向可重用空间的地址（就是标记为删除的记录地址）       |
|   PAGE_GARBAGE   |         2          |  已删除的字节数，行记录结构中`delete_flag`为1的记录大小总数  |
| PAGE_LAST_INSERT |         2          |                      最后插入记录的位置                      |
|  PAGE_DIRECTION  |         2          |                        最后插入的方向                        |
| PAGE_N_DIRECTION |         2          |                  一个方向连续插入的记录数量                  |
|   PAGE_N_RECS    |         2          | 该页中记录的数量（不包括最小和最大记录以及被标记为删除的记录） |
| PAGE_MAX_TRX_ID  |         2          |        修改当前页的最大事务ID，该值仅在二级索引中定义        |
|    PAGE_LEVEL    |         2          |                 当前页在索引树中的位置，高度                 |
|  PAGE_INDEX_ID   |         8          |                索引ID，表示当前页属于哪个索引                |
|     PAGE_BTR     |         10         |     非叶节点所在段的segment header，仅在B+树的Root页定义     |
|    PAGE_LEVEL    |         10         |       B+树所在段的segment header，仅在B+树的Root页定义       |

如果大家认真看过前边的文章，那么大致能看明白这里头前边一半左右的状态信息的意思，剩下的状态信息看不明白不要着急，饭要一口一口吃，东西要一点一点学。在这里想强调以下`PAGE_DIRECTION`和`PAGE_N_DIRECTION`的意思。

- `PAGE_DIRECTION`

  假如新插入的一条记录的主键值比上一条记录的主键值比上一条记录大，我们说这条记录的插入方向是右边，反之则是左边。用来表示最后一条记录插入方向的状态就是`PAGE_DIRECTION`。

- `PAGE_N_DIRECTION`

  假设连续几次插入新记录的方向都是一致的，`InnoDB`会把沿着同一个方向插入记录的条数记下来，这个条数就用`PAGE_N_DIRECTION`这个状态表示。当然，如果最后一条记录的插入方向改变了的话，这个状态的值会被清零重新统计。

### File Header

如果说`Page Header`描述的是`页`内的各种状态信息，比方说页里头有多少个记录了呀，有多少个槽了呀，那么`File Header`描述的就是`页`外的各种状态信息，比方说这个页的编号是多少，它的上一个页、下一个页是谁啦。`File Header`是`InnoDB`页的第一部分，这个部分占用固定的`38`个字节，下边我们看看这个部分的各个字节都是代表啥意思吧：

|               名称               | 大小（单位：byte） |                             描述                             |
| :------------------------------: | :----------------: | :----------------------------------------------------------: |
|     FIL_PAGE_SPACE_OR_CHKSUM     |         4          |                   页的校验和（checksum值）                   |
|         FIL_PAGE_OFFSET          |         4          |                             页号                             |
|          FIL_PAGE_PREV           |         4          |                        上一个页的页号                        |
|          FIL_PAGE_NEXT           |         4          |                        下一个页的页号                        |
|           FIL_PAGE_LSN           |         8          |  最后被修改的日志序列位置（英文名是：Log Sequence Number）   |
|          FIL_PAGE_TYPE           |         2          | 该页的类型：B+树叶子节点、Undo log页、索引非叶子节点页、Insert Buffer空闲列表、Insert Buffer BitMap、系统页、扩展描述页、BLOB页 |
|     FIL_PAGE_FILE_FLUSH_LSN      |         8          | 仅在系统表空间的一个页中定义，代表文件至少被更新到了该LSN值，独立表空间中都是0 |
| FIL_PAGE_ARCH_LOG_NO_OR_SPACE_ID |         4          |                       页属于哪个表空间                       |

对照着这个表格，我们看几个目前比较重要的部分：

- `FIL_PAGE_SPACE_OR_CHKSUM`

  这个代表当前页面的校验和（checksum）。啥是个校验和？就是对于一个很长很长的字节串来说，我们会通过某种算法来计算一个值，这个值就称为`校验和`。这样在比较两个很长的字节串之前先比较这两个长字节串的校验和，如果校验和都不一样两个长字节串肯定是不同的（hashCode和equals），所以省去了直接比较两个比较长的字节串的时间损耗(和后面的File Trailer里面的那个相对应，看到后面您就明白了)。

- `FIL_PAGE_OFFSET`

  每一个`页`都有一个单独的页号，就跟您的身份证号码一样，`InnoDB`通过页号来可以唯一定位一个`页`。

- `FIL_PAGE_TYPE`

  这个代表当前`页`的类型，我们前边说过，`InnoDB`为了不同的目的而把页分为不同的类型，本集中介绍的其实都是存储记录的`数据页`，其实还有很多别的类型的页：

- `FIL_PAGE_PREV`和`FIL_PAGE_NEXT`

  一张表中可以有成千上万条记录，一个页只有`16KB`，所以可能需要好多页来存放数据，`FIL_PAGE_PREV`和`FIL_PAGE_NEXT`就分别代表本页的上一个和下一个页的页号（双向链表）。

![1.3.14.数据页之间双链表示意图](../..//mysql-image/1.3.14.%E6%95%B0%E6%8D%AE%E9%A1%B5%E4%B9%8B%E9%97%B4%E5%8F%8C%E9%93%BE%E8%A1%A8%E7%A4%BA%E6%84%8F%E5%9B%BE.jpg)

`Page Header` 的其它属性就不说了；

### File Trailer

 对于这个部分，我的理解比较简单，我们知道`InnoDB` 会把数据从内存刷新到磁盘，中间交互的单位是页 ，但是我们想想，假如再刷新到磁盘的时候出现了问题，这样的话怎么办呢？

 这就是`File Trailer` 作用，这个部分由`8`个字节组成，可以分成2个小部分：

- 前四个字节代表页的检验和：
  - 这个部分是和`File Header`中的校验和相对应的。每当一个页面在内存中修改了，在同步之前就要把它的校验和算出来，因为`File Header`在页面的前边，所以校验和会被首先同步到磁盘，当完全写完时，校验和也会被写到页的尾部，如果完全同步成功，则页的首部和尾部的校验和应该是一致的，反之意味着同步中间出了错；
- 后四个字节代表日志序列位置（LSN）
  - 这个部分也是为了校验页的完整性的，可以先不用管这个属性。

## 

## 总结

> 1. InnoDB为了不同的目的而设计了不同类型的页，用于存放我们记录的页也叫做`数据页`。
> 2. 一个数据页可以被分为7个部分，分别是 
>    - `File Header`，表示文件头，占固定的38字节。 
>    - `Page Header`，表示页里的一些状态信息，占固定的56个字节。
>    - `Infimum + Supremum`，两个虚拟的伪记录，分别表示页中的最小和最大记录，占固定的`26`个字节。
>    - `User Records`：真实存储我们插入的记录的部分，大小不固定。
>    - `Free Space`：页中尚未使用的部分，大小不确定。
>    - `Page Directory`：页中的记录相对位置，也就是各个槽在页面中的地址偏移量，大小不固定，插入的记录越多，这个部分占用的空间越多。
> 3. 每个记录的头信息中都有一个`next_record`属性，从而使页中的所有记录串联成一个`单向链表`。
> 4. InnoDB会为把页中的记录划分为若干个组，每个组的最后一个记录的地址偏移量作为一个`槽`，存放在`Page Directory`中，所以在一个页中根据主键查找记录是非常快的，分为两步：
>    - 通过二分法确定该记录所在的槽。
>    - 通过记录的next_record属性组成的链表遍历查找该槽中的各个记录。
> 5. 每个数据页的`File Header`部分都有上一个和下一个页的编号，所以所有的数据页会组成一个`双链表`。
> 6. 为保证从内存中同步到磁盘的页的完整性，在页的首部和尾部都会存储页中数据的校验和和`LSN`值，如果首部和尾部的校验和和`LSN`值校验不成功的话，就说明同步过程出现了问题。



>参考自：
>
>1. 《MySQL技术内幕 InnoDB存储引擎》
>2. [InnoDB引擎--存储结构与文件](https://blog.csdn.net/john_lw/article/details/80306122)
>3. [官方文档](https://dev.mysql.com/doc/refman/5.7/en/innodb-on-disk-structures.html)
>4. [MySQL中InnoDB引擎中页的概念](https://www.jianshu.com/p/e5e3f8a823c3)